Script started on 2020-02-13 11:59:00-05:00 [TERM="xterm-256color" TTY="/dev/pts/1" COLUMNS="80" LINES="24"]
bash: /home/umrigar/cs240/bin/student.rc: Permission denied
bmarti38@g7-38:/import/linux/home1/bmarti38/i240a/submit/lab3/1-greet$ make -f . ./Makefile
g++ -g -Wall -std=c++17    greet.cc   -o greet
cat </dev/null >.gitignore
for t in greet; do echo $t >>.gitignore; done
bmarti38@g7-38:/import/linux/home1/bmarti38/i240a/submit/lab3/1-greet$ ./greet 
usage: ./greet NAME...
bmarti38@g7-38:/import/linux/home1/bmarti38/i240a/submit/lab3/1-greet$ ./greet b art L[Klisa
bmarti38@g7-38:/import/linux/home1/bmarti38/i240a/submit/lab3/1-greet$ cd ..
bmarti38@g7-38:/import/linux/home1/bmarti38/i240a/submit/lab3$ cd 2-greet/
bmarti38@g7-38:/import/linux/home1/bmarti38/i240a/submit/lab3/2-greet$ make
make: *** No targets specified and no makefile found.  Stop.
bmarti38@g7-38:/import/linux/home1/bmarti38/i240a/submit/lab3/2-greet$ makecd 2-greet/[A[C[C[C[C[C[C[C[C[C[C[C[C[C[C[C[C[C[C[C[C[C[C[C[C[C[C[C[C[C[C[C[C[C[C[C[C[C[C[C[C[C[C[C[C[C[C[C[C[C[C[C[C[C[C[C[C[C[C[C[C[C[C[C[C[C[C[C[C[C[C[C[C[4P..
[K[A[C[C[C[C[C[C[C[C[C[C[C[C[C[C[C[C[C[C[C[C[C[C[C[C[C[C[C[C[C[C[C[C[C[C[C[C[C[C[C[C[C[C[C[C[C[C[C[C[C[C[C[C[C[C[C[C[C[C[C[C[C[C[C[C[C[C[C[C[C[C[C[C[C[C[C[C./greet bart lisa[A[C[C[C[C[C[C[C[C[C[C[C[C[C[C[C[C[C[C[C[C[C[C[C[C[C[C[C[C[C[C[C[C[C[C[C[C[C[C[C[C[C[C[C[C[C[C[C[C[C[C[C[C[C[C[C[C[C[C[C[C[C[C[C[C[C[C[C[C[C[C[C[K
[K[A[C[C[C[C[C[C[C[C[C[C[C[C[C[C[C[C[C[C[C[C[C[C[C[C[C[C[C[C[C[C[C[C[C[C[C[C[C[C[C[C[C[C[C[C[C[C[C[C[C[C[C[C[C[C[C[C[C[C[C[C[C[C[C[C[C[C[C[C[C[C[C[C[C[C[C[C[C[C[Cmake -f ../Makefile[A[C[C[C[C[C[C[C[C[C[C[C[C[C[C[C[C[C[C[C[C[C[C[C[C[C[C[C[C[C[C[C[C[C[C[C[C[C[C[C[C[C[C[C[C[C[C[C[C[C[C[C[C[C[C[C[C[C[C[C[C[Cls[K
[K[A[C[C[C[C[C[C[C[C[C[C[C[C[C[C[C[C[C[C[C[C[C[C[C[C[C[C[C[C[C[C[C[C[C[C[C[C[C[C[C[C[C[C[C[C[C[C[C[C[C[C[C[C[C[C[C[C[C[C[C[C[C[C[C[C[C[C[C[C[C[C[C[C[Cmake -f ../Makefile
g++ -g -Wall -std=c++17    greet.cc   -o greet
cat </dev/null >.gitignore
for t in greet; do echo $t >>.gitignore; done
bmarti38@g7-38:/import/linux/home1/bmarti38/i240a/submit/lab3/2-greet$ ./greet b art lisa
hello bart
hello lisa
bmarti38@g7-38:/import/linux/home1/bmarti38/i240a/submit/lab3/2-greet$ valgrind  ./greet lisa a[Kbart
==316954== Memcheck, a memory error detector
==316954== Copyright (C) 2002-2017, and GNU GPL'd, by Julian Seward et al.
==316954== Using Valgrind-3.14.0 and LibVEX; rerun with -h for copyright info
==316954== Command: ./greet lisa bart
==316954== 
hello lisa
hello bart
==316954== 
==316954== HEAP SUMMARY:
==316954==     in use at exit: 22 bytes in 2 blocks
==316954==   total heap usage: 4 allocs, 2 frees, 73,750 bytes allocated
==316954== 
==316954== LEAK SUMMARY:
==316954==    definitely lost: 22 bytes in 2 blocks
==316954==    indirectly lost: 0 bytes in 0 blocks
==316954==      possibly lost: 0 bytes in 0 blocks
==316954==    still reachable: 0 bytes in 0 blocks
==316954==         suppressed: 0 bytes in 0 blocks
==316954== Rerun with --leak-check=full to see details of leaked memory
==316954== 
==316954== For counts of detected and suppressed errors, rerun with: -v
==316954== ERROR SUMMARY: 0 errors from 0 contexts (suppressed: 0 from 0)
bmarti38@g7-38:/import/linux/home1/bmarti38/i240a/submit/lab3/2-greet$ delete [K[]  msg 
bash: delete[]: command not found
bmarti38@g7-38:/import/linux/home1/bmarti38/i240a/submit/lab3/2-greet$ ls[K[Ksl
bash: sl: command not found
bmarti38@g7-38:/import/linux/home1/bmarti38/i240a/submit/lab3/2-greet$ ls
greet  greet.cc  README
bmarti38@g7-38:/import/linux/home1/bmarti38/i240a/submit/lab3/2-greet$ gedit greet.cc

(gedit:317110): Gtk-[1;33mWARNING[0m **: [34m12:13:58.596[0m: Calling org.xfce.Session.Manager.Inhibit failed: GDBus.Error:org.freedesktop.DBus.Error.UnknownMethod: Method "Inhibit" with signature "susu" on interface "org.xfce.Session.Manager" doesn't exist

bmarti38@g7-38:/import/linux/home1/bmarti38/i240a/submit/lab3/2-greet$ gedit greet.cc[A[C[C[C[C[C[C[C[C[C[C[C[C[C[C[C[C[C[C[C[C[C[C[C[C[C[C[C[C[C[C[C[C[C[C[C[C[C[C[C[C[C[C[C[C[C[C[C[C[C[C[C[C[C[C[C[C[C[C[C[C[C[C[C[C[C[Cls[K
[K[A[C[C[C[C[C[C[C[C[C[C[C[C[C[C[C[C[C[C[C[C[C[C[C[C[C[C[C[C[C[C[C[C[C[C[C[C[C[C[C[C[C[C[C[C[C[C[C[C[C[C[C[C[C[C[C[C[C[C[C[C[C[C[C[C[C[C[C[C[C[C[C[C[Csldelete[] msg [A[C[C[C[C[C[C[C[C[C[C[C[C[C[C[C[C[C[C[C[C[C[C[C[C[C[C[C[C[C[C[C[C[C[C[C[C[C[C[C[C[C[C[C[C[C[C[C[C[C[C[C[C[C[C[C[C[C[C[C[C[C[C[C[C[C[C[Cvalgrind
./greet lisa bart
==318605== Memcheck, a memory error detector
==318605== Copyright (C) 2002-2017, and GNU GPL'd, by Julian Seward et al.
==318605== Using Valgrind-3.14.0 and LibVEX; rerun with -h for copyright info
==318605== Command: ./greet lisa bart
==318605== 
hello lisa
hello bart
==318605== 
==318605== HEAP SUMMARY:
==318605==     in use at exit: 22 bytes in 2 blocks
==318605==   total heap usage: 4 allocs, 2 frees, 73,750 bytes allocated
==318605== 
==318605== LEAK SUMMARY:
==318605==    definitely lost: 22 bytes in 2 blocks
==318605==    indirectly lost: 0 bytes in 0 blocks
==318605==      possibly lost: 0 bytes in 0 blocks
==318605==    still reachable: 0 bytes in 0 blocks
==318605==         suppressed: 0 bytes in 0 blocks
==318605== Rerun with --leak-check=full to see details of leaked memory
==318605== 
==318605== For counts of detected and suppressed errors, rerun with: -v
==318605== ERROR SUMMARY: 0 errors from 0 contexts (suppressed: 0 from 0)
bmarti38@g7-38:/import/linux/home1/bmarti38/i240a/submit/lab3/2-greet$ valgrind ./greet lisa bart[A[C[C[C[C[C[C[C[C[C[C[C[C[C[C[C[C[C[C[C[C[C[C[C[C[C[C[C[C[C[C[C[C[C[C[C[C[C[C[C[C[C[C[C[C[C[C[C[C[C[C[C[C[C[Cgedit greet.cc[K[A[C[C[C[C[C[C[C[C[C[C[C[C[C[C[C[C[C[C[C[C[C[C[C[C[C[C[C[C[C[C[C[C[C[C[C[C[C[C[C[C[C[C[C[C[C[C[C[C[C[C[C[C[C[C[C[C[C[C[C[C[C[C[C[C[C[Cls[K
[K[A[C[C[C[C[C[C[C[C[C[C[C[C[C[C[C[C[C[C[C[C[C[C[C[C[C[C[C[C[C[C[C[C[C[C[C[C[C[C[C[C[C[C[C[C[C[C[C[C[C[C[C[C[C[C[C[C[C[C[C[C[C[C[C[C[C[C[C[C[C[C[C[C[Cgedit greet.cc

(gedit:318630): Gtk-[1;33mWARNING[0m **: [34m12:21:22.517[0m: Calling org.xfce.Session.Manager.Inhibit failed: GDBus.Error:org.freedesktop.DBus.Error.UnknownMethod: Method "Inhibit" with signature "susu" on interface "org.xfce.Session.Manager" doesn't exist

bmarti38@g7-38:/import/linux/home1/bmarti38/i240a/submit/lab3/2-greet$ gedit greet.cc[A[C[C[C[C[C[C[C[C[C[C[C[C[C[C[C[C[C[C[C[C[C[C[C[C[C[C[C[C[C[C[C[C[C[C[C[C[C[C[C[C[C[C[C[C[C[C[C[C[C[C[C[C[C[C[C[C[C[C[C[C[C[C[C[C[C[Cvalgrind ./greet lisa bart[A[C[C[C[C[C[C[C[C[C[C[C[C[C[C[C[C[C[C[C[C[C[C[C[C[C[C[C[C[C[C[C[C[C[C[C[C[C[C[C[C[C[C[C[C[C[C[C[C[C[C[C[C[C[Cgedit greet.cc[K[A[C[C[C[C[C[C[C[C[C[C[C[C[C[C[C[C[C[C[C[C[C[C[C[C[C[C[C[C[C[C[C[C[C[C[C[C[C[C[C[C[C[C[C[C[C[C[C[C[C[C[C[C[C[C[C[C[C[C[C[C[C[C[C[C[C[Cvalgrind ./greet lisa bart
==319120== Memcheck, a memory error detector
==319120== Copyright (C) 2002-2017, and GNU GPL'd, by Julian Seward et al.
==319120== Using Valgrind-3.14.0 and LibVEX; rerun with -h for copyright info
==319120== Command: ./greet lisa bart
==319120== 
hello lisa
hello bart
==319120== 
==319120== HEAP SUMMARY:
==319120==     in use at exit: 22 bytes in 2 blocks
==319120==   total heap usage: 4 allocs, 2 frees, 73,750 bytes allocated
==319120== 
==319120== LEAK SUMMARY:
==319120==    definitely lost: 22 bytes in 2 blocks
==319120==    indirectly lost: 0 bytes in 0 blocks
==319120==      possibly lost: 0 bytes in 0 blocks
==319120==    still reachable: 0 bytes in 0 blocks
==319120==         suppressed: 0 bytes in 0 blocks
==319120== Rerun with --leak-check=full to see details of leaked memory
==319120== 
==319120== For counts of detected and suppressed errors, rerun with: -v
==319120== ERROR SUMMARY: 0 errors from 0 contexts (suppressed: 0 from 0)
bmarti38@g7-38:/import/linux/home1/bmarti38/i240a/submit/lab3/2-greet$ valgrind ./greet lisa bart[A[C[C[C[C[C[C[C[C[C[C[C[C[C[C[C[C[C[C[C[C[C[C[C[C[C[C[C[C[C[C[C[C[C[C[C[C[C[C[C[C[C[C[C[C[C[C[C[C[C[C[C[C[C[Cgedit greet.cc[K
bmarti38@g7-38:/import/linux/home1/bmarti38/i240a/submit/lab3/2-greet$ cd ..
bmarti38@g7-38:/import/linux/home1/bmarti38/i240a/submit/lab3$ cd 5-numpaths/
bmarti38@g7-38:/import/linux/home1/bmarti38/i240a/submit/lab3/5-numpaths$ cd
bmarti38@g7-38:~$ cd [K[K[Kcd [K bm[K[K[K i240a/[K[K[K[K[K[K[K[K[Kcd/i[K[K ;[K[K import[K[K[K[K[K[K[K[K[Kls
cs240	   i240a   lab3.c  Pictures		    projects   Videos
Desktop    lab2    lab5.c  project-1-spr19-ben5168  Public
Documents  lab2.c  lab8.s  project-2-spr19-ben5168  Templates
Downloads  lab3    Music   project-3-spr19-ben5168  tmp
bmarti38@g7-38:~$ cd i240a/
bmarti38@g7-38:~/i240a$ cd[K[Kcd import 
bash: cd: import: No such file or directory
bmarti38@g7-38:~/i240a$ cd[K[Kls
README.md  submit
bmarti38@g7-38:~/i240a$ c d[K[Kd ,,[K[K..
bmarti38@g7-38:~$ ls
cs240	   i240a   lab3.c  Pictures		    projects   Videos
Desktop    lab2    lab5.c  project-1-spr19-ben5168  Public
Documents  lab2.c  lab8.s  project-2-spr19-ben5168  Templates
Downloads  lab3    Music   project-3-spr19-ben5168  tmp
bmarti38@g7-38:~$ cd i240a/
bmarti38@g7-38:~/i240a$ ls
README.md  submit
bmarti38@g7-38:~/i240a$ cd submit/
bmarti38@g7-38:~/i240a/submit$ l
bash: l: command not found
bmarti38@g7-38:~/i240a/submit$ s[K;s[K[Kls
lab0.LOG  lab1	lab2  lab3
bmarti38@g7-38:~/i240a/submit$ cd lab3/
bmarti38@g7-38:~/i240a/submit/lab3$ ls
1-greet  2-greet  3-greet  4-sortnums  5-numpaths  data  Makefile
bmarti38@g7-38:~/i240a/submit/lab3$ cd 5-numpaths/
bmarti38@g7-38:~/i240a/submit/lab3/5-numpaths$ lz
Reading directory of  standard input.
gzip: compressed data not read from a terminal. Use -f to force decompression.
For help, type: gzip -h
tar: This does not look like a tar archive
tar: Exiting with failure status due to previous errors
bmarti38@g7-38:~/i240a/submit/lab3/5-numpaths$ ls
numpaths.cc
bmarti38@g7-38:~/i240a/submit/lab3/5-numpaths$ cd ..
bmarti38@g7-38:~/i240a/submit/lab3$ cd 3-greet/
bmarti38@g7-38:~/i240a/submit/lab3/3-greet$ ls
greet.cc  README
bmarti38@g7-38:~/i240a/submit/lab3/3-greet$ cd [K[K[Kgedit grete[K[Ket.cc 
bmarti38@g7-38:~/i240a/submit/lab3/3-greet$ cd ..
bmarti38@g7-38:~/i240a/submit/lab3$ cd 2-greet/
bmarti38@g7-38:~/i240a/submit/lab3/2-greet$ ls
greet  greet.cc  README
bmarti38@g7-38:~/i240a/submit/lab3/2-greet$ cd [K[K[Kgedit greet.cc 

(gedit:320317): Gtk-[1;33mWARNING[0m **: [34m12:34:39.176[0m: Calling org.xfce.Session.Manager.Inhibit failed: GDBus.Error:org.freedesktop.DBus.Error.UnknownMethod: Method "Inhibit" with signature "susu" on interface "org.xfce.Session.Manager" doesn't exist

bmarti38@g7-38:~/i240a/submit/lab3/2-greet$ gedit greet.cc ls[Kcd 2-greet/..[Kgedit greet.cc ls[Kcd 3-greet/ls[Kgedit greet.cc [10Pcd ..2-greet/ls[Kgedit greet.cc [Kvalgrind ./greet ba[K[Klsa[K[Kisa a[Kbart
==320464== Memcheck, a memory error detector
==320464== Copyright (C) 2002-2017, and GNU GPL'd, by Julian Seward et al.
==320464== Using Valgrind-3.14.0 and LibVEX; rerun with -h for copyright info
==320464== Command: ./greet lisa bart
==320464== 
hello lisa
hello bart
==320464== 
==320464== HEAP SUMMARY:
==320464==     in use at exit: 22 bytes in 2 blocks
==320464==   total heap usage: 4 allocs, 2 frees, 73,750 bytes allocated
==320464== 
==320464== LEAK SUMMARY:
==320464==    definitely lost: 22 bytes in 2 blocks
==320464==    indirectly lost: 0 bytes in 0 blocks
==320464==      possibly lost: 0 bytes in 0 blocks
==320464==    still reachable: 0 bytes in 0 blocks
==320464==         suppressed: 0 bytes in 0 blocks
==320464== Rerun with --leak-check=full to see details of leaked memory
==320464== 
==320464== For counts of detected and suppressed errors, rerun with: -v
==320464== ERROR SUMMARY: 0 errors from 0 contexts (suppressed: 0 from 0)
bmarti38@g7-38:~/i240a/submit/lab3/2-greet$ gedit greet.22[K[Kcc

(gedit:320491): Gtk-[1;33mWARNING[0m **: [34m12:35:32.937[0m: Calling org.xfce.Session.Manager.Inhibit failed: GDBus.Error:org.freedesktop.DBus.Error.UnknownMethod: Method "Inhibit" with signature "susu" on interface "org.xfce.Session.Manager" doesn't exist

bmarti38@g7-38:~/i240a/submit/lab3/2-greet$ gedit greet.ccvalgrind ./greet lisa bart
==320663== Memcheck, a memory error detector
==320663== Copyright (C) 2002-2017, and GNU GPL'd, by Julian Seward et al.
==320663== Using Valgrind-3.14.0 and LibVEX; rerun with -h for copyright info
==320663== Command: ./greet lisa bart
==320663== 
hello lisa
hello bart
==320663== 
==320663== HEAP SUMMARY:
==320663==     in use at exit: 22 bytes in 2 blocks
==320663==   total heap usage: 4 allocs, 2 frees, 73,750 bytes allocated
==320663== 
==320663== LEAK SUMMARY:
==320663==    definitely lost: 22 bytes in 2 blocks
==320663==    indirectly lost: 0 bytes in 0 blocks
==320663==      possibly lost: 0 bytes in 0 blocks
==320663==    still reachable: 0 bytes in 0 blocks
==320663==         suppressed: 0 bytes in 0 blocks
==320663== Rerun with --leak-check=full to see details of leaked memory
==320663== 
==320663== For counts of detected and suppressed errors, rerun with: -v
==320663== ERROR SUMMARY: 0 errors from 0 contexts (suppressed: 0 from 0)
bmarti38@g7-38:~/i240a/submit/lab3/2-greet$ valgrind ./greet lisa bart[12Pgedit greet.cc
bmarti38@g7-38:~/i240a/submit/lab3/2-greet$ make -f [K ../Makefile
g++ -g -Wall -std=c++17    greet.cc   -o greet
cat </dev/null >.gitignore
for t in greet; do echo $t >>.gitignore; done
bmarti38@g7-38:~/i240a/submit/lab3/2-greet$ make -f ../Makefile[5Pgedit greet.ccvalgrind ./greet lisa bart
==320858== Memcheck, a memory error detector
==320858== Copyright (C) 2002-2017, and GNU GPL'd, by Julian Seward et al.
==320858== Using Valgrind-3.14.0 and LibVEX; rerun with -h for copyright info
==320858== Command: ./greet lisa bart
==320858== 
hello lisa
hello bart
==320858== 
==320858== HEAP SUMMARY:
==320858==     in use at exit: 0 bytes in 0 blocks
==320858==   total heap usage: 4 allocs, 4 frees, 73,750 bytes allocated
==320858== 
==320858== All heap blocks were freed -- no leaks are possible
==320858== 
==320858== For counts of detected and suppressed errors, rerun with: -v
==320858== ERROR SUMMARY: 0 errors from 0 contexts (suppressed: 0 from 0)
bmarti38@g7-38:~/i240a/submit/lab3/2-greet$ c [Kd ,,
bash: cd: ,,: No such file or directory
bmarti38@g7-38:~/i240a/submit/lab3/2-greet$ cd ..
bmarti38@g7-38:~/i240a/submit/lab3$ cd 3-greet/
bmarti38@g7-38:~/i240a/submit/lab3/3-greet$ gedit greet.cc 
bmarti38@g7-38:~/i240a/submit/lab3/3-greet$ make
make: *** No targets specified and no makefile found.  Stop.
bmarti38@g7-38:~/i240a/submit/lab3/3-greet$ make -f ../Mae[Kkefile
g++ -g -Wall -std=c++17    greet.cc   -o greet
cat </dev/null >.gitignore
for t in greet; do echo $t >>.gitignore; done
bmarti38@g7-38:~/i240a/submit/lab3/3-greet$ ./ [Kgreet bart lisa
ing::replacebart
ing::replacelisa
bmarti38@g7-38:~/i240a/submit/lab3/3-greet$ gedit greet

(gedit:321111): GLib-GObject-[1;33mWARNING[0m **: [34m12:40:52.076[0m: invalid unclassed pointer in cast to 'GeditOpenDocumentSelector'

(gedit:321111): Gtk-[1;35mCRITICAL[0m **: [34m12:40:52.077[0m: gtk_list_store_clear: assertion 'GTK_IS_LIST_STORE (list_store)' failed

(gedit:321111): Gtk-[1;35mCRITICAL[0m **: [34m12:40:52.077[0m: gtk_widget_set_visible: assertion 'GTK_IS_WIDGET (widget)' failed

(gedit:321111): Gtk-[1;35mCRITICAL[0m **: [34m12:40:52.077[0m: gtk_widget_set_visible: assertion 'GTK_IS_WIDGET (widget)' failed

(gedit:321111): GLib-GObject-[1;33mWARNING[0m **: [34m12:40:52.077[0m: invalid unclassed pointer in cast to 'GeditOpenDocumentSelector'

(gedit:321111): Gtk-[1;35mCRITICAL[0m **: [34m12:40:52.077[0m: gtk_list_store_clear: assertion 'GTK_IS_LIST_STORE (list_store)' failed

(gedit:321111): Gtk-[1;35mCRITICAL[0m **: [34m12:40:52.077[0m: gtk_widget_set_visible: assertion 'GTK_IS_WIDGET (widget)' failed

(gedit:321111): Gtk-[1;35mCRITICAL[0m **: [34m12:40:52.077[0m: gtk_widget_set_visible: assertion 'GTK_IS_WIDGET (widget)' failed
bmarti38@g7-38:~/i240a/submit/lab3/3-greet$ ls
greet  greet.cc  README
bmarti38@g7-38:~/i240a/submit/lab3/3-greet$ gedit greet.cc

(gedit:321182): Gtk-[1;33mWARNING[0m **: [34m12:43:38.739[0m: Calling org.xfce.Session.Manager.Inhibit failed: GDBus.Error:org.freedesktop.DBus.Error.UnknownMethod: Method "Inhibit" with signature "susu" on interface "org.xfce.Session.Manager" doesn't exist

bmarti38@g7-38:~/i240a/submit/lab3/3-greet$ gedit greet.ccls[Kgedit greet./greet bart lisamake -f ../Makefile
g++ -g -Wall -std=c++17    greet.cc   -o greet
cat </dev/null >.gitignore
for t in greet; do echo $t >>.gitignore; done
bmarti38@g7-38:~/i240a/submit/lab3/3-greet$ make -f ../Makefile[5Pgedit greet.ccls[Kgedit greet./greet bart lisa
hello bart
hello lisa
bmarti38@g7-38:~/i240a/submit/lab3/3-greet$ ./greet bart lisamake -f ../Makefile[5Pgedit greet.ccls[Kgedit greet./greet bart lisamake -f ../Makefile[Kgedit greet.cc [4Pcd 3-greet/..[K,,valgrind ./greet lisa bart[7Pmake -f ../Makefilevalgrind ./greet lisa bart
==321559== Memcheck, a memory error detector
==321559== Copyright (C) 2002-2017, and GNU GPL'd, by Julian Seward et al.
==321559== Using Valgrind-3.14.0 and LibVEX; rerun with -h for copyright info
==321559== Command: ./greet lisa bart
==321559== 
hello lisa
hello bart
==321559== 
==321559== HEAP SUMMARY:
==321559==     in use at exit: 0 bytes in 0 blocks
==321559==   total heap usage: 2 allocs, 2 frees, 73,728 bytes allocated
==321559== 
==321559== All heap blocks were freed -- no leaks are possible
==321559== 
==321559== For counts of detected and suppressed errors, rerun with: -v
==321559== ERROR SUMMARY: 0 errors from 0 contexts (suppressed: 0 from 0)
bmarti38@g7-38:~/i240a/submit/lab3/3-greet$ cd [K[K[Kgedit[K[K[K[K[Kgedit greet.cc 

(gedit:321645): Gtk-[1;33mWARNING[0m **: [34m12:45:26.917[0m: Calling org.xfce.Session.Manager.Inhibit failed: GDBus.Error:org.freedesktop.DBus.Error.UnknownMethod: Method "Inhibit" with signature "susu" on interface "org.xfce.Session.Manager" doesn't exist

bmarti38@g7-38:~/i240a/submit/lab3/3-greet$ gedit greet.cc valgrind ./greet lisa bart[9P./greet bart lisa
hello bart
hello lisa
bmarti38@g7-38:~/i240a/submit/lab3/3-greet$ ./greet bart lisa[2Pgedit greet.cc ./greet bart lisa ewkgngjmq
hello bart
hello lisa
hello ewkgngjmq
bmarti38@g7-38:~/i240a/submit/lab3/3-greet$ e./greet bart lisa ewkgngjmq[K[K[K[K[K[K[K[K[Kgjwigwirhg
hello bart
hello lisa
hello gjwigwirhg
bmarti38@g7-38:~/i240a/submit/lab3/3-greet$ ./greet bart lisa gjwigwirhg[1Pewkgngjmq[K[2Pgedit greet.cc valgrind ./greet lisa bart[11Pgedit greet.cc 

(gedit:322201): Gtk-[1;33mWARNING[0m **: [34m12:50:24.550[0m: Calling org.xfce.Session.Manager.Inhibit failed: GDBus.Error:org.freedesktop.DBus.Error.UnknownMethod: Method "Inhibit" with signature "susu" on interface "org.xfce.Session.Manager" doesn't exist

bmarti38@g7-38:~/i240a/submit/lab3/3-greet$ gedit greet.cc ./greet bart lisa gjwigwirhg
hello bart
hello lisa
hello gjwigwirhg
bmarti38@g7-38:~/i240a/submit/lab3/3-greet$ ./greet bart lisa gjwigwirhgqegg
hello bart
hello lisa
hello gjwigwirhgqegg
bmarti38@g7-38:~/i240a/submit/lab3/3-greet$ ./greet bart lisa gjwigwirhgqegg[K[13Pgedit greet.cc 

(gedit:322328): Gtk-[1;33mWARNING[0m **: [34m12:52:21.199[0m: Calling org.xfce.Session.Manager.Inhibit failed: GDBus.Error:org.freedesktop.DBus.Error.UnknownMethod: Method "Inhibit" with signature "susu" on interface "org.xfce.Session.Manager" doesn't exist

bmarti38@g7-38:~/i240a/submit/lab3/3-greet$ gedit greet.cc ./greet bart lisa gjwigwirhgqegg[K[13Pgedit greet.cc ./greet bart lisa gjwigwirhg[1Pewkgngjmq[K[2Pgedit greet.cc valgrind ./greet lisa bart[9P./greet bart lisamake -f ../Makefile[5Pgedit greet.ccmake -f ../Makefile
g++ -g -Wall -std=c++17    greet.cc   -o greet
cat </dev/null >.gitignore
for t in greet; do echo $t >>.gitignore; done
bmarti38@g7-38:~/i240a/submit/lab3/3-greet$ make -f ../Makefile[4Pgedit greet.cc ./greet bart lisa gjwigwirhgqegg
hello bart32
hello lisa32
hello gjwigwirhgqegg32
bmarti38@g7-38:~/i240a/submit/lab3/3-greet$ ./greet bart lisa gjwigwirhgqeggeqfh qoegh
hello bart32
hello lisa32
hello gjwigwirhgqeggeqfhqoegh32
bmarti38@g7-38:~/i240a/submit/lab3/3-greet$ cd ..
bmarti38@g7-38:~/i240a/submit/lab3$ cd 4-sortnums/
bmarti38@g7-38:~/i240a/submit/lab3/4-sortnums$ ls
nums1.dat  nums2.dat  sortnums.cc
bmarti38@g7-38:~/i240a/submit/lab3/4-sortnums$ gedit sortnums.cc 
bmarti38@g7-38:~/i240a/submit/lab3/4-sortnums$ gedit sortnums.cc [K./sor[K[K[K[K[Kmake
make: *** No targets specified and no makefile found.  Stop.
bmarti38@g7-38:~/i240a/submit/lab3/4-sortnums$ ka[K[Kmakegedit sortnums.cc ls[Kcd 4-sortnums/..[K./greet bart lisa gjwigwirhgqeggeqfhqoegh[A[C[C[C[C[C[C[C[C[C[C[C[C[C[C[C[C[C[C[C[C[C[C[C[C[C[C[C[C[C[C[C[C[C[C[C[C[C[C[C[C[C[C[C[C[C[C[C[C[C[C[C[C[C[C[C[C[C[C[C[C[C[C[C[C[C[C[C[C[C[C[C[K
[K[A[C[C[C[C[C[C[C[C[C[C[C[C[C[C[C[C[C[C[C[C[C[C[C[C[C[C[C[C[C[C[C[C[C[C[C[C[C[C[C[C[C[C[C[C[C[C[C[C[C[C[C[C[C[C[C[C[C[C[C[C[C[C[C[C[C[C[C[C[C[C[C[C[C[C[C[C[C[C[C[13Pmake -f ../Makefile
g++ -g -Wall -std=c++17    sortnums.cc   -o sortnums
cat </dev/null >.gitignore
for t in sortnums; do echo $t >>.gitignore; done
bmarti38@g7-38:~/i240a/submit/lab3/4-sortnums$ ./a[Ksortnums
usage: ./sortnums FILE...
bmarti38@g7-38:~/i240a/submit/lab3/4-sortnums$ sort [Knums *.dat
bash: sortnums: command not found
bmarti38@g7-38:~/i240a/submit/lab3/4-sortnums$ gediit[K[Kt sortnums.cc 

(gedit:323541): Gtk-[1;33mWARNING[0m **: [34m13:01:51.231[0m: Calling org.xfce.Session.Manager.Inhibit failed: GDBus.Error:org.freedesktop.DBus.Error.UnknownMethod: Method "Inhibit" with signature "susu" on interface "org.xfce.Session.Manager" doesn't exist

bmarti38@g7-38:~/i240a/submit/lab3/4-sortnums$ gedit sortnums.cc [4Psortnums *.dat[4P./sortnumsmake -f ../Makefile
g++ -g -Wall -std=c++17    sortnums.cc   -o sortnums
cat </dev/null >.gitignore
for t in sortnums; do echo $t >>.gitignore; done
bmarti38@g7-38:~/i240a/submit/lab3/4-sortnums$ make -f ../Makefile[1Pgedit sortnums.cc [4Psortnums *.dat[4P./sortnumsmake -f ../Makefile[9P./sortnums
usage: ./sortnums FILE...
bmarti38@g7-38:~/i240a/submit/lab3/4-sortnums$ ./sortnumsmake -f ../Makefile[1Pgedit sortnums.cc [4Psortnums *.dat
bash: sortnums: command not found
bmarti38@g7-38:~/i240a/submit/lab3/4-sortnums$ sortnums *.dat[4P./sortnumsmake -f ../Makefile[9P./sortnums
usage: ./sortnums FILE...
bmarti38@g7-38:~/i240a/submit/lab3/4-sortnums$ ./sortnums *dat
900
900
900
800
800
800
700
700
700
600
600
600
500
500
500
400
400
400
300
300
300
200
200
200
100
100
100
90
90
90
80
80
80
70
70
70
60
60
60
50
50
50
40
40
40
30
30
30
20
20
20
10
10
10
bmarti38@g7-38:~/i240a/submit/lab3/4-sortnums$ ./sortnums *dat[C[C[K[K[K[K[K[K[K[K[K[K[K[K[K[K[Kcd ..
bmarti38@g7-38:~/i240a/submit/lab3$ cd 5-numpaths/
bmarti38@g7-38:~/i240a/submit/lab3/5-numpaths$ ls
numpaths.cc
bmarti38@g7-38:~/i240a/submit/lab3/5-numpaths$ lscd 5-numpaths/..[K./sortnums *dat[Ksortnums *.dat[4P./sortnumsmake -f ../Makefile
g++ -g -Wall -std=c++17    numpaths.cc   -o numpaths
bmarti38@g7-38:~/i240a/submit/lab3/5-numpaths$ numpaths ../data [K/*.dat
bash: numpaths: command not found
bmarti38@g7-38:~/i240a/submit/lab3/5-numpaths$ cd[K[Kls
numpaths  numpaths.cc
bmarti38@g7-38:~/i240a/submit/lab3/5-numpaths$ cd numpaths.cc
bash: cd: numpaths.cc: Not a directory
bmarti38@g7-38:~/i240a/submit/lab3/5-numpaths$ gedit numpaths.cc

(gedit:325780): Gtk-[1;33mWARNING[0m **: [34m13:20:48.488[0m: Calling org.xfce.Session.Manager.Inhibit failed: GDBus.Error:org.freedesktop.DBus.Error.UnknownMethod: Method "Inhibit" with signature "susu" on interface "org.xfce.Session.Manager" doesn't exist

bmarti38@g7-38:~/i240a/submit/lab3/5-numpaths$ cd ..
bmarti38@g7-38:~/i240a/submit/lab3$ exit

Script done on 2020-02-13 13:33:00-05:00 [COMMAND_EXIT_CODE="0"]
